input_processing.c:76:6:fsm_for_button_processing	16	static
input_processing.c:95:6:fsm_for_mode_processing	8	static
input_processing.c:156:5:is_button_pressed_and_released	16	static
input_processing.c:167:6:clear_all_light	8	static
input_processing.c:177:6:prepare_for_modified_mode	24	static
input_processing.c:188:6:displayTrafficLight	8	static
input_processing.c:313:6:blinkingLight	16	static
input_processing.c:338:6:updateLightPeriod	16	static
input_processing.c:366:6:prepare_for_DISPLAY	8	static
