input_processing.c:84:6:fsm_for_button_processing	16	static
input_processing.c:103:6:fsm_for_mode_processing	8	static
input_processing.c:164:5:is_button_pressed_and_released	16	static
input_processing.c:175:6:clear_all_light	8	static
input_processing.c:185:6:prepare_for_modified_mode	24	static
input_processing.c:196:6:displayTrafficLight	8	static
input_processing.c:321:6:blinkingLight	16	static
input_processing.c:346:6:updateLightPeriod	16	static
input_processing.c:374:6:prepare_for_DISPLAY	8	static
